models/props_spytech/siren001
models/props_lights/floodlight001b
models/props_2fort/oildrum003
models/props_2fort/oildrum004
models/props_2fort/oildrum005
models/props_2fort/oildrum006
models/props_mining/rock003
models/props_mining/rock003b
models/props_mining/rock005
models/props_mining/rock005b
models/props_well/hand_truck01_skin2
models/props_gameplay/security_fence_light01_on
models/props_gameplay/security_fence_light01_selfillummask
models/props_spytech/computer_wall02b_noalpha
models/props_spytech/computer_wall02b_selfillum
models/props_spytech/control_room_consoles_skin2_noalpha
models/props_spytech/terminal_chair_blue
models/props_mining/rock004
models/props_mining/rock004b
models/props_lights/spotlight001a_blue_noalpha
models/props_lights/spotlight001a_grey_noalpha
models/props_gameplay/unform_locker01_skin2
models/props_farm/tree001_card_skin2
models/props_gameplay/sign_gameplay01_skin1
models/props_gameplay/sign_gameplay01_skin2
models/props_gameplay/sign_gameplay01_skin3
models/props_gameplay/sign_gameplay01_skin7
models/props_gameplay/sign_gameplay01_skin8
models/props_gameplay/sign_gameplay01_skin9
models/props_gameplay/sign_gameplay01_skin10
models/props_debris/concretedebris_chunk01

