editor/cubemap
editor/cubemap.hdr
effects/flashlight001
effects/fleck_antlion1
effects/fleck_antlion2
effects/gunshiptracer
effects/slime1
tools/toolsareaportal
tools/toolsclip
tools/toolshint
tools/toolsnodraw
tools/toolsskip
tools/toolsskybox
tools/toolstrigger
models/props_2fort/oildrum002
models/props_2fort/oildrum003
models/props_2fort/oildrum004
models/props_2fort/oildrum005
models/props_2fort/spytech_roofbeams
models/props_2fort/spytech_roofbeams_blue
models/props_2fort/window001b_noalpha
models/props_2fort/window001b_selfillum
models/props_2fort/window002b_noalpha
models/props_2fort/window002b_selfillum
models/props_2fort/window003b_noalpha
models/props_2fort/window003b_selfillum
models/props_2fort/window005b
models/props_debris/concretedebris_chunk01
models/props_farm/shelf_props01_skin2
models/props_gameplay/security_fence_light01
models/props_lights/floodlight001b
models/props_lights/walllight001a_grey_noalpha
models/props_mining/ceiling_pipe01
models/props_mining/computer_industrial04_skin2_noalpha
models/props_mining/computer_industrial05_skin2_noalpha
models/props_skybox/horizon_facade_brown
models/props_spytech/suitcase001
models/props_trainyard/handrail128_skin2
models/props_trainyard/handrail128_skin3
models/props_trainyard/train_signal002_off
